// Jest Snapshot v1, https://jestjs.io/docs/snapshot-testing

exports[`Page renders homepage unchanged 1`] = `
<div>
  <div
    class="bg-black bg-home-img bg-cover bg-center"
  >
    <main
      class="mx-auto flex h-dvh max-w-5xl flex-col items-center justify-center text-center"
    >
      <div
        class="mx-auto flex w-4/5 flex-col gap-6 rounded-xl bg-black/90 p-12 text-white sm:max-w-96 sm:text-2xl"
      >
        <h1>
          Service Agreement
          <br />
          Validation
        </h1>
        <h2>
          Your Service Provider
          <br />
          At your disposal
        </h2>
        <p>
          Daily Availability
          <br />
          8am to 5pm
        </p>
        <a
          class="hover:underline"
          href="/agreements"
        >
          Start
        </a>
      </div>
    </main>
  </div>
</div>
`;
